


ARM Macro Assembler    Page 1 


    1 00000000         ; P = Q + R + S
    2 00000000         ; Q=2, R=4, S=5
    3 00000000                 AREA             SimpleAdd, DATA, READONLY
    4 00000000 00 00 00 
              00       P       SPACE            4           ; RESERVE 4 BYTES
    5 00000004 00000002 
                       Q       DCD              2           ; CREATE Q = 0x0000
                                                            0002
    6 00000008 00000004 
                       R       DCD              4           ; CREATE R = 0x0000
                                                            0004
    7 0000000C 00000005 
                       S       DCD              5           ; CREATE S = 0x0000
                                                            0005 
    8 00000010         
    9 00000010                 AREA             SimpleAddCode,  CODE, READONLY
   10 00000000                 ENTRY
   11 00000000                 EXPORT           __main
   12 00000000         __main
   13 00000000 F85F 1004       LDR              R1, Q
   14 00000004 F85F 2004       LDR              R2, R
   15 00000008 F85F 3004       LDR              R3, S
   16 0000000C         
   17 0000000C EB01 0002       ADD              R0, R1, R2
   18 00000010 4418            ADD              R0, R0, R3
   19 00000012         
   20 00000012 E7FE    STOP    B                STOP
   21 00000014                 END
Command Line: --debug --xref --diag_suppress=9931 --cpu=Cortex-M7.fp.sp --apcs=
interwork --depend=.\objects\main.d -o.\objects\main.o -I.\RTE\_Target_1 -IC:\K
eil_v5\ARM\PACK\ARM\CMSIS\5.0.1\CMSIS\Include -IC:\Keil_v5\ARM\PACK\Keil\STM32F
7xx_DFP\2.14.1\Drivers\CMSIS\Device\ST\STM32F7xx\Include --predefine="__MICROLI
B SETA 1" --predefine="__UVISION_VERSION SETA 524" --predefine="_RTE_ SETA 1" -
-predefine="STM32F746xx SETA 1" --list=.\listings\main.lst main.s



ARM Macro Assembler    Page 1 Alphabetic symbol ordering
Relocatable symbols

P 00000000

Symbol: P
   Definitions
      At line 4 in file main.s
   Uses
      None
Comment: P unused
Q 00000004

Symbol: Q
   Definitions
      At line 5 in file main.s
   Uses
      At line 13 in file main.s
Comment: Q used once
R 00000008

Symbol: R
   Definitions
      At line 6 in file main.s
   Uses
      At line 14 in file main.s
Comment: R used once
S 0000000C

Symbol: S
   Definitions
      At line 7 in file main.s
   Uses
      At line 15 in file main.s
Comment: S used once
SimpleAdd 00000000

Symbol: SimpleAdd
   Definitions
      At line 3 in file main.s
   Uses
      None
Comment: SimpleAdd unused
5 symbols



ARM Macro Assembler    Page 1 Alphabetic symbol ordering
Relocatable symbols

STOP 00000012

Symbol: STOP
   Definitions
      At line 20 in file main.s
   Uses
      At line 20 in file main.s
Comment: STOP used once
SimpleAddCode 00000000

Symbol: SimpleAddCode
   Definitions
      At line 9 in file main.s
   Uses
      None
Comment: SimpleAddCode unused
__main 00000000

Symbol: __main
   Definitions
      At line 12 in file main.s
   Uses
      At line 11 in file main.s
Comment: __main used once
3 symbols
343 symbols in table
