


ARM Macro Assembler    Page 1 


    1 00000000         
    2 00000000                 AREA             SWAPCODE, CODE, READONLY
    3 00000000                 ENTRY
    4 00000000                 EXPORT           __main
    5 00000000         
    6 00000000         __main
    7 00000000 4804            LDR              R0, =0xBABEFACE
    8 00000002 4905            LDR              R1, =0xDEADBEEF
    9 00000004 EA80 0001       EOR              R0,R0,R1    ; R0 = R0^R1
   10 00000008 EA80 0101       EOR              R1,R0,R1    ; R1 = R0^R1
   11 0000000C EA80 0001       EOR              R0,R0,R1    ; R0 = R0^R1
   12 00000010         
   13 00000010 E7FE    STOP    B                STOP
   14 00000012 00 00           ALIGN
   15 00000014                 END
              BABEFACE 
              DEADBEEF 
Command Line: --debug --xref --diag_suppress=9931 --cpu=Cortex-M7.fp.sp --apcs=
interwork --depend=.\objects\main.d -o.\objects\main.o -I.\RTE\_CORTEX_M -IC:\K
eil_v5\ARM\PACK\ARM\CMSIS\5.0.1\CMSIS\Include -IC:\Keil_v5\ARM\PACK\Keil\STM32F
7xx_DFP\2.14.1\Drivers\CMSIS\Device\ST\STM32F7xx\Include --predefine="__MICROLI
B SETA 1" --predefine="__UVISION_VERSION SETA 524" --predefine="_RTE_ SETA 1" -
-predefine="STM32F746xx SETA 1" --list=.\listings\main.lst main.s



ARM Macro Assembler    Page 1 Alphabetic symbol ordering
Relocatable symbols

STOP 00000010

Symbol: STOP
   Definitions
      At line 13 in file main.s
   Uses
      At line 13 in file main.s
Comment: STOP used once
SWAPCODE 00000000

Symbol: SWAPCODE
   Definitions
      At line 2 in file main.s
   Uses
      None
Comment: SWAPCODE unused
__main 00000000

Symbol: __main
   Definitions
      At line 6 in file main.s
   Uses
      At line 4 in file main.s
Comment: __main used once
3 symbols
340 symbols in table
